armstizzy-picoctf@webshell:~$ wget https://artifacts.picoctf.net/c/51/level1.py
--2023-03-09 03:55:46--  https://artifacts.picoctf.net/c/51/level1.py
Resolving artifacts.picoctf.net (artifacts.picoctf.net)... 108.156.172.42, 108.156.172.6, 108.156.172.120, ...
Connecting to artifacts.picoctf.net (artifacts.picoctf.net)|108.156.172.42|:443... connected.
HTTP request sent, awaiting response... 200 OK
Length: 876 [application/octet-stream]
Saving to: 'level1.py'

level1.py                                                           100%[=================================================================================================================================================================>]     876  --.-KB/s    in 0s      

2023-03-09 03:55:46 (260 MB/s) - 'level1.py' saved [876/876]

armstizzy-picoctf@webshell:~$ wget https://artifacts.picoctf.net/c/51/level1.flag.txt.enc
--2023-03-09 03:55:57--  https://artifacts.picoctf.net/c/51/level1.flag.txt.enc
Resolving artifacts.picoctf.net (artifacts.picoctf.net)... 108.156.172.120, 108.156.172.42, 108.156.172.74, ...
Connecting to artifacts.picoctf.net (artifacts.picoctf.net)|108.156.172.120|:443... connected.
HTTP request sent, awaiting response... 200 OK
Length: 30 [application/octet-stream]
Saving to: 'level1.flag.txt.enc'

level1.flag.txt.enc                                                 100%[=================================================================================================================================================================>]      30  --.-KB/s    in 0s      

2023-03-09 03:55:57 (1.55 MB/s) - 'level1.flag.txt.enc' saved [30/30]

armstizzy-picoctf@webshell:~$ python3 level1.py
Please enter correct password for flag: ^CTraceback (most recent call last):
  File "/home/armstizzy-picoctf/level1.py", line 28, in <module>
    level_1_pw_check()
  File "/home/armstizzy-picoctf/level1.py", line 18, in level_1_pw_check
    user_pw = input("Please enter correct password for flag: ")
KeyboardInterrupt

armstizzy-picoctf@webshell:~$ nano level1.py
armstizzy-picoctf@webshell:~$ python3 level1.py
Please enter correct password for flag: 691d
Welcome back... your flag, user:
picoCTF{545h_r1ng1ng_56891419}
